FFFFFFFFFFFFFFFFFFFFFFFF.FFF                                             [100%]
=================================== FAILURES ===================================
_ test_dropout_resume_matches_uninterrupted_model_optimizer_and_metrics[full] __

manifest = PosixPath('/tmp/pytest-of-root/pytest-400/continuation-artificial-data0/prepared/manifest.json')
full_first = TrainingSummary(run_id='sft-full-8b21b2ef96e2-s113-tokens-v2', mode='full', dataset_manifest_sha256='8b21b2ef96e2dabe9...d_bytes': 0, 'swap_fraction': 0.0, 'process_peak_rss_bytes': 341336064}, loss_normalization='supervised_token_mean_v2')
tmp_path = PosixPath('/tmp/pytest-of-root/pytest-400/test_dropout_resume_matches_un0')
mode = 'full'

    @pytest.mark.parametrize("mode", ["full", "lora", "qlora"])
    def test_dropout_resume_matches_uninterrupted_model_optimizer_and_metrics(
        manifest: Path, full_first: sft.TrainingSummary, tmp_path: Path, mode: str,
    ) -> None:
        base = Path(full_first.checkpoint_path) if mode != "full" else None
        complete = sft.run_sft(manifest, tmp_path / "complete", config=config(mode=mode, epochs=3),
                               base_checkpoint=base)
        first = sft.run_sft(manifest, tmp_path / "split", config=config(mode=mode),
                            base_checkpoint=base)
        first_bytes = Path(first.checkpoint_path).read_bytes()
        first_log = Path(first.log_path).read_bytes()
        # Unrelated stochastic work must not change an exact continuation.
        torch.rand(79)
        second = sft.run_sft(manifest, tmp_path / "split", config=config(mode=mode, epochs=3),
                             resume_checkpoint=Path(first.checkpoint_path))
        expected = read_checkpoint(complete.checkpoint_path)
        actual = read_checkpoint(second.checkpoint_path)
>       assert_same_tensors(actual["model_state"], expected["model_state"])

../Olympus_integrated_baseline/tests/test_sft_continuation.py:88: 
_ _ _ _ _ _ _ _ _ _ _ _ _ _ _ _ _ _ _ _ _ _ _ _ _ _ _ _ _ _ _ _ _ _ _ _ _ _ _ _ 
../Olympus_integrated_baseline/tests/test_sft_continuation.py:62: in assert_same_tensors
    assert_same_tensors(left[key], right[key])
_ _ _ _ _ _ _ _ _ _ _ _ _ _ _ _ _ _ _ _ _ _ _ _ _ _ _ _ _ _ _ _ _ _ _ _ _ _ _ _ 

left = tensor([[-0.1887, -0.5108, -1.9634,  ..., -1.1225,  1.0428,  0.5042],
        [-0.5470,  0.0960,  0.7921,  ..., -0.643...6595, -0.9350,  ..., -0.5406,  0.5449,  1.1591],
        [-1.5197,  0.9200,  0.2387,  ...,  0.4143, -1.0431,  1.0583]])
right = tensor([[-0.1887, -0.5108, -1.9634,  ..., -1.1225,  1.0428,  0.5042],
        [-0.5493,  0.0959,  0.7923,  ..., -0.643...6595, -0.9350,  ..., -0.5406,  0.5449,  1.1591],
        [-1.5197,  0.9200,  0.2387,  ...,  0.4143, -1.0431,  1.0583]])

    def assert_same_tensors(left: Any, right: Any) -> None:
        if isinstance(left, torch.Tensor):
>           assert torch.equal(left, right)
E           assert False
E            +  where False = <built-in method equal of type object at 0x7fd72e381300>(tensor([[-0.1887, -0.5108, -1.9634,  ..., -1.1225,  1.0428,  0.5042],\n        [-0.5470,  0.0960,  0.7921,  ..., -0.643...6595, -0.9350,  ..., -0.5406,  0.5449,  1.1591],\n        [-1.5197,  0.9200,  0.2387,  ...,  0.4143, -1.0431,  1.0583]]), tensor([[-0.1887, -0.5108, -1.9634,  ..., -1.1225,  1.0428,  0.5042],\n        [-0.5493,  0.0959,  0.7923,  ..., -0.643...6595, -0.9350,  ..., -0.5406,  0.5449,  1.1591],\n        [-1.5197,  0.9200,  0.2387,  ...,  0.4143, -1.0431,  1.0583]]))
E            +    where <built-in method equal of type object at 0x7fd72e381300> = torch.equal

../Olympus_integrated_baseline/tests/test_sft_continuation.py:58: AssertionError
_ test_dropout_resume_matches_uninterrupted_model_optimizer_and_metrics[lora] __

manifest = PosixPath('/tmp/pytest-of-root/pytest-400/continuation-artificial-data0/prepared/manifest.json')
full_first = TrainingSummary(run_id='sft-full-8b21b2ef96e2-s113-tokens-v2', mode='full', dataset_manifest_sha256='8b21b2ef96e2dabe9...d_bytes': 0, 'swap_fraction': 0.0, 'process_peak_rss_bytes': 341336064}, loss_normalization='supervised_token_mean_v2')
tmp_path = PosixPath('/tmp/pytest-of-root/pytest-400/test_dropout_resume_matches_un1')
mode = 'lora'

    @pytest.mark.parametrize("mode", ["full", "lora", "qlora"])
    def test_dropout_resume_matches_uninterrupted_model_optimizer_and_metrics(
        manifest: Path, full_first: sft.TrainingSummary, tmp_path: Path, mode: str,
    ) -> None:
        base = Path(full_first.checkpoint_path) if mode != "full" else None
        complete = sft.run_sft(manifest, tmp_path / "complete", config=config(mode=mode, epochs=3),
                               base_checkpoint=base)
        first = sft.run_sft(manifest, tmp_path / "split", config=config(mode=mode),
                            base_checkpoint=base)
        first_bytes = Path(first.checkpoint_path).read_bytes()
        first_log = Path(first.log_path).read_bytes()
        # Unrelated stochastic work must not change an exact continuation.
        torch.rand(79)
        second = sft.run_sft(manifest, tmp_path / "split", config=config(mode=mode, epochs=3),
                             resume_checkpoint=Path(first.checkpoint_path))
        expected = read_checkpoint(complete.checkpoint_path)
        actual = read_checkpoint(second.checkpoint_path)
>       assert_same_tensors(actual["model_state"], expected["model_state"])

../Olympus_integrated_baseline/tests/test_sft_continuation.py:88: 
_ _ _ _ _ _ _ _ _ _ _ _ _ _ _ _ _ _ _ _ _ _ _ _ _ _ _ _ _ _ _ _ _ _ _ _ _ _ _ _ 
../Olympus_integrated_baseline/tests/test_sft_continuation.py:62: in assert_same_tensors
    assert_same_tensors(left[key], right[key])
_ _ _ _ _ _ _ _ _ _ _ _ _ _ _ _ _ _ _ _ _ _ _ _ _ _ _ _ _ _ _ _ _ _ _ _ _ _ _ _ 

left = tensor([[-0.1089, -0.1763,  0.2191,  0.0508,  0.0220,  0.0295, -0.1158,  0.1026,
         -0.0367, -0.2377, -0.1407,  ... -0.0661, -0.0342,  0.2011, -0.2220,
         -0.0251,  0.2212, -0.1835, -0.0064,  0.0422, -0.2391,  0.0250,  0.0810]])
right = tensor([[-0.1088, -0.1759,  0.2192,  0.0507,  0.0220,  0.0295, -0.1158,  0.1025,
         -0.0364, -0.2378, -0.1407,  ... -0.0660, -0.0342,  0.2012, -0.2200,
         -0.0252,  0.2211, -0.1856, -0.0063,  0.0422, -0.2393,  0.0249,  0.0809]])

    def assert_same_tensors(left: Any, right: Any) -> None:
        if isinstance(left, torch.Tensor):
>           assert torch.equal(left, right)
E           assert False
E            +  where False = <built-in method equal of type object at 0x7fd72e381300>(tensor([[-0.1089, -0.1763,  0.2191,  0.0508,  0.0220,  0.0295, -0.1158,  0.1026,\n         -0.0367, -0.2377, -0.1407,  ... -0.0661, -0.0342,  0.2011, -0.2220,\n         -0.0251,  0.2212, -0.1835, -0.0064,  0.0422, -0.2391,  0.0250,  0.0810]]), tensor([[-0.1088, -0.1759,  0.2192,  0.0507,  0.0220,  0.0295, -0.1158,  0.1025,\n         -0.0364, -0.2378, -0.1407,  ... -0.0660, -0.0342,  0.2012, -0.2200,\n         -0.0252,  0.2211, -0.1856, -0.0063,  0.0422, -0.2393,  0.0249,  0.0809]]))
E            +    where <built-in method equal of type object at 0x7fd72e381300> = torch.equal

../Olympus_integrated_baseline/tests/test_sft_continuation.py:58: AssertionError
_ test_dropout_resume_matches_uninterrupted_model_optimizer_and_metrics[qlora] _

manifest = PosixPath('/tmp/pytest-of-root/pytest-400/continuation-artificial-data0/prepared/manifest.json')
full_first = TrainingSummary(run_id='sft-full-8b21b2ef96e2-s113-tokens-v2', mode='full', dataset_manifest_sha256='8b21b2ef96e2dabe9...d_bytes': 0, 'swap_fraction': 0.0, 'process_peak_rss_bytes': 341336064}, loss_normalization='supervised_token_mean_v2')
tmp_path = PosixPath('/tmp/pytest-of-root/pytest-400/test_dropout_resume_matches_un2')
mode = 'qlora'

    @pytest.mark.parametrize("mode", ["full", "lora", "qlora"])
    def test_dropout_resume_matches_uninterrupted_model_optimizer_and_metrics(
        manifest: Path, full_first: sft.TrainingSummary, tmp_path: Path, mode: str,
    ) -> None:
        base = Path(full_first.checkpoint_path) if mode != "full" else None
        complete = sft.run_sft(manifest, tmp_path / "complete", config=config(mode=mode, epochs=3),
                               base_checkpoint=base)
        first = sft.run_sft(manifest, tmp_path / "split", config=config(mode=mode),
                            base_checkpoint=base)
        first_bytes = Path(first.checkpoint_path).read_bytes()
        first_log = Path(first.log_path).read_bytes()
        # Unrelated stochastic work must not change an exact continuation.
        torch.rand(79)
        second = sft.run_sft(manifest, tmp_path / "split", config=config(mode=mode, epochs=3),
                             resume_checkpoint=Path(first.checkpoint_path))
        expected = read_checkpoint(complete.checkpoint_path)
        actual = read_checkpoint(second.checkpoint_path)
>       assert_same_tensors(actual["model_state"], expected["model_state"])

../Olympus_integrated_baseline/tests/test_sft_continuation.py:88: 
_ _ _ _ _ _ _ _ _ _ _ _ _ _ _ _ _ _ _ _ _ _ _ _ _ _ _ _ _ _ _ _ _ _ _ _ _ _ _ _ 
../Olympus_integrated_baseline/tests/test_sft_continuation.py:62: in assert_same_tensors
    assert_same_tensors(left[key], right[key])
_ _ _ _ _ _ _ _ _ _ _ _ _ _ _ _ _ _ _ _ _ _ _ _ _ _ _ _ _ _ _ _ _ _ _ _ _ _ _ _ 

left = tensor([[-0.1089, -0.1740,  0.2192,  0.0508,  0.0220,  0.0296, -0.1159,  0.1026,
         -0.0352, -0.2377, -0.1408,  ... -0.0661, -0.0342,  0.2012, -0.2268,
         -0.0247,  0.2211, -0.1845, -0.0062,  0.0422, -0.2391,  0.0249,  0.0809]])
right = tensor([[-0.1088, -0.1735,  0.2192,  0.0508,  0.0220,  0.0296, -0.1158,  0.1025,
         -0.0361, -0.2378, -0.1407,  ... -0.0660, -0.0342,  0.2013, -0.2243,
         -0.0248,  0.2211, -0.1856, -0.0060,  0.0422, -0.2394,  0.0249,  0.0808]])

    def assert_same_tensors(left: Any, right: Any) -> None:
        if isinstance(left, torch.Tensor):
>           assert torch.equal(left, right)
E           assert False
E            +  where False = <built-in method equal of type object at 0x7fd72e381300>(tensor([[-0.1089, -0.1740,  0.2192,  0.0508,  0.0220,  0.0296, -0.1159,  0.1026,\n         -0.0352, -0.2377, -0.1408,  ... -0.0661, -0.0342,  0.2012, -0.2268,\n         -0.0247,  0.2211, -0.1845, -0.0062,  0.0422, -0.2391,  0.0249,  0.0809]]), tensor([[-0.1088, -0.1735,  0.2192,  0.0508,  0.0220,  0.0296, -0.1158,  0.1025,\n         -0.0361, -0.2378, -0.1407,  ... -0.0660, -0.0342,  0.2013, -0.2243,\n         -0.0248,  0.2211, -0.1856, -0.0060,  0.0422, -0.2394,  0.0249,  0.0808]]))
E            +    where <built-in method equal of type object at 0x7fd72e381300> = torch.equal

../Olympus_integrated_baseline/tests/test_sft_continuation.py:58: AssertionError
_ test_resume_rejects_non_epoch_configuration_changes_before_artifacts[change0] _

manifest = PosixPath('/tmp/pytest-of-root/pytest-400/continuation-artificial-data0/prepared/manifest.json')
full_first = TrainingSummary(run_id='sft-full-8b21b2ef96e2-s113-tokens-v2', mode='full', dataset_manifest_sha256='8b21b2ef96e2dabe9...d_bytes': 0, 'swap_fraction': 0.0, 'process_peak_rss_bytes': 341336064}, loss_normalization='supervised_token_mean_v2')
tmp_path = PosixPath('/tmp/pytest-of-root/pytest-400/test_resume_rejects_non_epoch_0')
change = {'seed': 117}

    @pytest.mark.parametrize("change", [
        {"seed": 117}, {"batch_size": 4}, {"learning_rate": 0.1},
        {"gradient_accumulation_steps": 1}, {"gradient_clip_norm": 2.0},
        {"weight_decay": 0.0}, {"pack_sequences": True}, {"mixed_precision": True},
        {"category_mix_weights": {"science": 2.0}}, {"lora_rank": 2},
        {"lora_alpha": 4.0}, {"model": {"width": 32}}, {"model": {"dropout": 0.0}},
    ])
    def test_resume_rejects_non_epoch_configuration_changes_before_artifacts(
        manifest: Path, full_first: sft.TrainingSummary, tmp_path: Path, change: dict[str, Any],
    ) -> None:
        values = config(epochs=2).model_dump()
        if "model" in change:
            values["model"].update(change["model"])
        else:
            values.update(change)
>       with pytest.raises(ValueError, match="resume checkpoint .*does not match"):
             ^^^^^^^^^^^^^^^^^^^^^^^^^^^^^^^^^^^^^^^^^^^^^^^^^^^^^^^^^^^^^^^^^^^^^
E       Failed: DID NOT RAISE ValueError

../Olympus_integrated_baseline/tests/test_sft_continuation.py:117: Failed
_ test_resume_rejects_non_epoch_configuration_changes_before_artifacts[change1] _

manifest = PosixPath('/tmp/pytest-of-root/pytest-400/continuation-artificial-data0/prepared/manifest.json')
full_first = TrainingSummary(run_id='sft-full-8b21b2ef96e2-s113-tokens-v2', mode='full', dataset_manifest_sha256='8b21b2ef96e2dabe9...d_bytes': 0, 'swap_fraction': 0.0, 'process_peak_rss_bytes': 341336064}, loss_normalization='supervised_token_mean_v2')
tmp_path = PosixPath('/tmp/pytest-of-root/pytest-400/test_resume_rejects_non_epoch_1')
change = {'batch_size': 4}

    @pytest.mark.parametrize("change", [
        {"seed": 117}, {"batch_size": 4}, {"learning_rate": 0.1},
        {"gradient_accumulation_steps": 1}, {"gradient_clip_norm": 2.0},
        {"weight_decay": 0.0}, {"pack_sequences": True}, {"mixed_precision": True},
        {"category_mix_weights": {"science": 2.0}}, {"lora_rank": 2},
        {"lora_alpha": 4.0}, {"model": {"width": 32}}, {"model": {"dropout": 0.0}},
    ])
    def test_resume_rejects_non_epoch_configuration_changes_before_artifacts(
        manifest: Path, full_first: sft.TrainingSummary, tmp_path: Path, change: dict[str, Any],
    ) -> None:
        values = config(epochs=2).model_dump()
        if "model" in change:
            values["model"].update(change["model"])
        else:
            values.update(change)
>       with pytest.raises(ValueError, match="resume checkpoint .*does not match"):
             ^^^^^^^^^^^^^^^^^^^^^^^^^^^^^^^^^^^^^^^^^^^^^^^^^^^^^^^^^^^^^^^^^^^^^
E       Failed: DID NOT RAISE ValueError

../Olympus_integrated_baseline/tests/test_sft_continuation.py:117: Failed
_ test_resume_rejects_non_epoch_configuration_changes_before_artifacts[change2] _

manifest = PosixPath('/tmp/pytest-of-root/pytest-400/continuation-artificial-data0/prepared/manifest.json')
full_first = TrainingSummary(run_id='sft-full-8b21b2ef96e2-s113-tokens-v2', mode='full', dataset_manifest_sha256='8b21b2ef96e2dabe9...d_bytes': 0, 'swap_fraction': 0.0, 'process_peak_rss_bytes': 341336064}, loss_normalization='supervised_token_mean_v2')
tmp_path = PosixPath('/tmp/pytest-of-root/pytest-400/test_resume_rejects_non_epoch_2')
change = {'learning_rate': 0.1}

    @pytest.mark.parametrize("change", [
        {"seed": 117}, {"batch_size": 4}, {"learning_rate": 0.1},
        {"gradient_accumulation_steps": 1}, {"gradient_clip_norm": 2.0},
        {"weight_decay": 0.0}, {"pack_sequences": True}, {"mixed_precision": True},
        {"category_mix_weights": {"science": 2.0}}, {"lora_rank": 2},
        {"lora_alpha": 4.0}, {"model": {"width": 32}}, {"model": {"dropout": 0.0}},
    ])
    def test_resume_rejects_non_epoch_configuration_changes_before_artifacts(
        manifest: Path, full_first: sft.TrainingSummary, tmp_path: Path, change: dict[str, Any],
    ) -> None:
        values = config(epochs=2).model_dump()
        if "model" in change:
            values["model"].update(change["model"])
        else:
            values.update(change)
>       with pytest.raises(ValueError, match="resume checkpoint .*does not match"):
             ^^^^^^^^^^^^^^^^^^^^^^^^^^^^^^^^^^^^^^^^^^^^^^^^^^^^^^^^^^^^^^^^^^^^^
E       Failed: DID NOT RAISE ValueError

../Olympus_integrated_baseline/tests/test_sft_continuation.py:117: Failed
_ test_resume_rejects_non_epoch_configuration_changes_before_artifacts[change3] _

manifest = PosixPath('/tmp/pytest-of-root/pytest-400/continuation-artificial-data0/prepared/manifest.json')
full_first = TrainingSummary(run_id='sft-full-8b21b2ef96e2-s113-tokens-v2', mode='full', dataset_manifest_sha256='8b21b2ef96e2dabe9...d_bytes': 0, 'swap_fraction': 0.0, 'process_peak_rss_bytes': 341336064}, loss_normalization='supervised_token_mean_v2')
tmp_path = PosixPath('/tmp/pytest-of-root/pytest-400/test_resume_rejects_non_epoch_3')
change = {'gradient_accumulation_steps': 1}

    @pytest.mark.parametrize("change", [
        {"seed": 117}, {"batch_size": 4}, {"learning_rate": 0.1},
        {"gradient_accumulation_steps": 1}, {"gradient_clip_norm": 2.0},
        {"weight_decay": 0.0}, {"pack_sequences": True}, {"mixed_precision": True},
        {"category_mix_weights": {"science": 2.0}}, {"lora_rank": 2},
        {"lora_alpha": 4.0}, {"model": {"width": 32}}, {"model": {"dropout": 0.0}},
    ])
    def test_resume_rejects_non_epoch_configuration_changes_before_artifacts(
        manifest: Path, full_first: sft.TrainingSummary, tmp_path: Path, change: dict[str, Any],
    ) -> None:
        values = config(epochs=2).model_dump()
        if "model" in change:
            values["model"].update(change["model"])
        else:
            values.update(change)
>       with pytest.raises(ValueError, match="resume checkpoint .*does not match"):
             ^^^^^^^^^^^^^^^^^^^^^^^^^^^^^^^^^^^^^^^^^^^^^^^^^^^^^^^^^^^^^^^^^^^^^
E       Failed: DID NOT RAISE ValueError

../Olympus_integrated_baseline/tests/test_sft_continuation.py:117: Failed
_ test_resume_rejects_non_epoch_configuration_changes_before_artifacts[change4] _

manifest = PosixPath('/tmp/pytest-of-root/pytest-400/continuation-artificial-data0/prepared/manifest.json')
full_first = TrainingSummary(run_id='sft-full-8b21b2ef96e2-s113-tokens-v2', mode='full', dataset_manifest_sha256='8b21b2ef96e2dabe9...d_bytes': 0, 'swap_fraction': 0.0, 'process_peak_rss_bytes': 341336064}, loss_normalization='supervised_token_mean_v2')
tmp_path = PosixPath('/tmp/pytest-of-root/pytest-400/test_resume_rejects_non_epoch_4')
change = {'gradient_clip_norm': 2.0}

    @pytest.mark.parametrize("change", [
        {"seed": 117}, {"batch_size": 4}, {"learning_rate": 0.1},
        {"gradient_accumulation_steps": 1}, {"gradient_clip_norm": 2.0},
        {"weight_decay": 0.0}, {"pack_sequences": True}, {"mixed_precision": True},
        {"category_mix_weights": {"science": 2.0}}, {"lora_rank": 2},
        {"lora_alpha": 4.0}, {"model": {"width": 32}}, {"model": {"dropout": 0.0}},
    ])
    def test_resume_rejects_non_epoch_configuration_changes_before_artifacts(
        manifest: Path, full_first: sft.TrainingSummary, tmp_path: Path, change: dict[str, Any],
    ) -> None:
        values = config(epochs=2).model_dump()
        if "model" in change:
            values["model"].update(change["model"])
        else:
            values.update(change)
>       with pytest.raises(ValueError, match="resume checkpoint .*does not match"):
             ^^^^^^^^^^^^^^^^^^^^^^^^^^^^^^^^^^^^^^^^^^^^^^^^^^^^^^^^^^^^^^^^^^^^^
E       Failed: DID NOT RAISE ValueError

../Olympus_integrated_baseline/tests/test_sft_continuation.py:117: Failed
_ test_resume_rejects_non_epoch_configuration_changes_before_artifacts[change5] _

manifest = PosixPath('/tmp/pytest-of-root/pytest-400/continuation-artificial-data0/prepared/manifest.json')
full_first = TrainingSummary(run_id='sft-full-8b21b2ef96e2-s113-tokens-v2', mode='full', dataset_manifest_sha256='8b21b2ef96e2dabe9...d_bytes': 0, 'swap_fraction': 0.0, 'process_peak_rss_bytes': 341336064}, loss_normalization='supervised_token_mean_v2')
tmp_path = PosixPath('/tmp/pytest-of-root/pytest-400/test_resume_rejects_non_epoch_5')
change = {'weight_decay': 0.0}

    @pytest.mark.parametrize("change", [
        {"seed": 117}, {"batch_size": 4}, {"learning_rate": 0.1},
        {"gradient_accumulation_steps": 1}, {"gradient_clip_norm": 2.0},
        {"weight_decay": 0.0}, {"pack_sequences": True}, {"mixed_precision": True},
        {"category_mix_weights": {"science": 2.0}}, {"lora_rank": 2},
        {"lora_alpha": 4.0}, {"model": {"width": 32}}, {"model": {"dropout": 0.0}},
    ])
    def test_resume_rejects_non_epoch_configuration_changes_before_artifacts(
        manifest: Path, full_first: sft.TrainingSummary, tmp_path: Path, change: dict[str, Any],
    ) -> None:
        values = config(epochs=2).model_dump()
        if "model" in change:
            values["model"].update(change["model"])
        else:
            values.update(change)
>       with pytest.raises(ValueError, match="resume checkpoint .*does not match"):
             ^^^^^^^^^^^^^^^^^^^^^^^^^^^^^^^^^^^^^^^^^^^^^^^^^^^^^^^^^^^^^^^^^^^^^
E       Failed: DID NOT RAISE ValueError

../Olympus_integrated_baseline/tests/test_sft_continuation.py:117: Failed
_ test_resume_rejects_non_epoch_configuration_changes_before_artifacts[change6] _

manifest = PosixPath('/tmp/pytest-of-root/pytest-400/continuation-artificial-data0/prepared/manifest.json')
full_first = TrainingSummary(run_id='sft-full-8b21b2ef96e2-s113-tokens-v2', mode='full', dataset_manifest_sha256='8b21b2ef96e2dabe9...d_bytes': 0, 'swap_fraction': 0.0, 'process_peak_rss_bytes': 341336064}, loss_normalization='supervised_token_mean_v2')
tmp_path = PosixPath('/tmp/pytest-of-root/pytest-400/test_resume_rejects_non_epoch_6')
change = {'pack_sequences': True}

    @pytest.mark.parametrize("change", [
        {"seed": 117}, {"batch_size": 4}, {"learning_rate": 0.1},
        {"gradient_accumulation_steps": 1}, {"gradient_clip_norm": 2.0},
        {"weight_decay": 0.0}, {"pack_sequences": True}, {"mixed_precision": True},
        {"category_mix_weights": {"science": 2.0}}, {"lora_rank": 2},
        {"lora_alpha": 4.0}, {"model": {"width": 32}}, {"model": {"dropout": 0.0}},
    ])
    def test_resume_rejects_non_epoch_configuration_changes_before_artifacts(
        manifest: Path, full_first: sft.TrainingSummary, tmp_path: Path, change: dict[str, Any],
    ) -> None:
        values = config(epochs=2).model_dump()
        if "model" in change:
            values["model"].update(change["model"])
        else:
            values.update(change)
>       with pytest.raises(ValueError, match="resume checkpoint .*does not match"):
             ^^^^^^^^^^^^^^^^^^^^^^^^^^^^^^^^^^^^^^^^^^^^^^^^^^^^^^^^^^^^^^^^^^^^^
E       Failed: DID NOT RAISE ValueError

../Olympus_integrated_baseline/tests/test_sft_continuation.py:117: Failed
_ test_resume_rejects_non_epoch_configuration_changes_before_artifacts[change7] _

manifest = PosixPath('/tmp/pytest-of-root/pytest-400/continuation-artificial-data0/prepared/manifest.json')
full_first = TrainingSummary(run_id='sft-full-8b21b2ef96e2-s113-tokens-v2', mode='full', dataset_manifest_sha256='8b21b2ef96e2dabe9...d_bytes': 0, 'swap_fraction': 0.0, 'process_peak_rss_bytes': 341336064}, loss_normalization='supervised_token_mean_v2')
tmp_path = PosixPath('/tmp/pytest-of-root/pytest-400/test_resume_rejects_non_epoch_7')
change = {'mixed_precision': True}

    @pytest.mark.parametrize("change", [
        {"seed": 117}, {"batch_size": 4}, {"learning_rate": 0.1},
        {"gradient_accumulation_steps": 1}, {"gradient_clip_norm": 2.0},
        {"weight_decay": 0.0}, {"pack_sequences": True}, {"mixed_precision": True},
        {"category_mix_weights": {"science": 2.0}}, {"lora_rank": 2},
        {"lora_alpha": 4.0}, {"model": {"width": 32}}, {"model": {"dropout": 0.0}},
    ])
    def test_resume_rejects_non_epoch_configuration_changes_before_artifacts(
        manifest: Path, full_first: sft.TrainingSummary, tmp_path: Path, change: dict[str, Any],
    ) -> None:
        values = config(epochs=2).model_dump()
        if "model" in change:
            values["model"].update(change["model"])
        else:
            values.update(change)
>       with pytest.raises(ValueError, match="resume checkpoint .*does not match"):
             ^^^^^^^^^^^^^^^^^^^^^^^^^^^^^^^^^^^^^^^^^^^^^^^^^^^^^^^^^^^^^^^^^^^^^
E       Failed: DID NOT RAISE ValueError

../Olympus_integrated_baseline/tests/test_sft_continuation.py:117: Failed
_ test_resume_rejects_non_epoch_configuration_changes_before_artifacts[change8] _

manifest = PosixPath('/tmp/pytest-of-root/pytest-400/continuation-artificial-data0/prepared/manifest.json')
full_first = TrainingSummary(run_id='sft-full-8b21b2ef96e2-s113-tokens-v2', mode='full', dataset_manifest_sha256='8b21b2ef96e2dabe9...d_bytes': 0, 'swap_fraction': 0.0, 'process_peak_rss_bytes': 341336064}, loss_normalization='supervised_token_mean_v2')
tmp_path = PosixPath('/tmp/pytest-of-root/pytest-400/test_resume_rejects_non_epoch_8')
change = {'category_mix_weights': {'science': 2.0}}

    @pytest.mark.parametrize("change", [
        {"seed": 117}, {"batch_size": 4}, {"learning_rate": 0.1},
        {"gradient_accumulation_steps": 1}, {"gradient_clip_norm": 2.0},
        {"weight_decay": 0.0}, {"pack_sequences": True}, {"mixed_precision": True},
        {"category_mix_weights": {"science": 2.0}}, {"lora_rank": 2},
        {"lora_alpha": 4.0}, {"model": {"width": 32}}, {"model": {"dropout": 0.0}},
    ])
    def test_resume_rejects_non_epoch_configuration_changes_before_artifacts(
        manifest: Path, full_first: sft.TrainingSummary, tmp_path: Path, change: dict[str, Any],
    ) -> None:
        values = config(epochs=2).model_dump()
        if "model" in change:
            values["model"].update(change["model"])
        else:
            values.update(change)
>       with pytest.raises(ValueError, match="resume checkpoint .*does not match"):
             ^^^^^^^^^^^^^^^^^^^^^^^^^^^^^^^^^^^^^^^^^^^^^^^^^^^^^^^^^^^^^^^^^^^^^
E       Failed: DID NOT RAISE ValueError

../Olympus_integrated_baseline/tests/test_sft_continuation.py:117: Failed
_ test_resume_rejects_non_epoch_configuration_changes_before_artifacts[change9] _

manifest = PosixPath('/tmp/pytest-of-root/pytest-400/continuation-artificial-data0/prepared/manifest.json')
full_first = TrainingSummary(run_id='sft-full-8b21b2ef96e2-s113-tokens-v2', mode='full', dataset_manifest_sha256='8b21b2ef96e2dabe9...d_bytes': 0, 'swap_fraction': 0.0, 'process_peak_rss_bytes': 341336064}, loss_normalization='supervised_token_mean_v2')
tmp_path = PosixPath('/tmp/pytest-of-root/pytest-400/test_resume_rejects_non_epoch_9')
change = {'lora_rank': 2}

    @pytest.mark.parametrize("change", [
        {"seed": 117}, {"batch_size": 4}, {"learning_rate": 0.1},
        {"gradient_accumulation_steps": 1}, {"gradient_clip_norm": 2.0},
        {"weight_decay": 0.0}, {"pack_sequences": True}, {"mixed_precision": True},
        {"category_mix_weights": {"science": 2.0}}, {"lora_rank": 2},
        {"lora_alpha": 4.0}, {"model": {"width": 32}}, {"model": {"dropout": 0.0}},
    ])
    def test_resume_rejects_non_epoch_configuration_changes_before_artifacts(
        manifest: Path, full_first: sft.TrainingSummary, tmp_path: Path, change: dict[str, Any],
    ) -> None:
        values = config(epochs=2).model_dump()
        if "model" in change:
            values["model"].update(change["model"])
        else:
            values.update(change)
>       with pytest.raises(ValueError, match="resume checkpoint .*does not match"):
             ^^^^^^^^^^^^^^^^^^^^^^^^^^^^^^^^^^^^^^^^^^^^^^^^^^^^^^^^^^^^^^^^^^^^^
E       Failed: DID NOT RAISE ValueError

../Olympus_integrated_baseline/tests/test_sft_continuation.py:117: Failed
_ test_resume_rejects_non_epoch_configuration_changes_before_artifacts[change10] _

manifest = PosixPath('/tmp/pytest-of-root/pytest-400/continuation-artificial-data0/prepared/manifest.json')
full_first = TrainingSummary(run_id='sft-full-8b21b2ef96e2-s113-tokens-v2', mode='full', dataset_manifest_sha256='8b21b2ef96e2dabe9...d_bytes': 0, 'swap_fraction': 0.0, 'process_peak_rss_bytes': 341336064}, loss_normalization='supervised_token_mean_v2')
tmp_path = PosixPath('/tmp/pytest-of-root/pytest-400/test_resume_rejects_non_epoch_10')
change = {'lora_alpha': 4.0}

    @pytest.mark.parametrize("change", [
        {"seed": 117}, {"batch_size": 4}, {"learning_rate": 0.1},
        {"gradient_accumulation_steps": 1}, {"gradient_clip_norm": 2.0},
        {"weight_decay": 0.0}, {"pack_sequences": True}, {"mixed_precision": True},
        {"category_mix_weights": {"science": 2.0}}, {"lora_rank": 2},
        {"lora_alpha": 4.0}, {"model": {"width": 32}}, {"model": {"dropout": 0.0}},
    ])
    def test_resume_rejects_non_epoch_configuration_changes_before_artifacts(
        manifest: Path, full_first: sft.TrainingSummary, tmp_path: Path, change: dict[str, Any],
    ) -> None:
        values = config(epochs=2).model_dump()
        if "model" in change:
            values["model"].update(change["model"])
        else:
            values.update(change)
>       with pytest.raises(ValueError, match="resume checkpoint .*does not match"):
             ^^^^^^^^^^^^^^^^^^^^^^^^^^^^^^^^^^^^^^^^^^^^^^^^^^^^^^^^^^^^^^^^^^^^^
E       Failed: DID NOT RAISE ValueError

../Olympus_integrated_baseline/tests/test_sft_continuation.py:117: Failed
_ test_resume_rejects_non_epoch_configuration_changes_before_artifacts[change11] _

manifest = PosixPath('/tmp/pytest-of-root/pytest-400/continuation-artificial-data0/prepared/manifest.json')
full_first = TrainingSummary(run_id='sft-full-8b21b2ef96e2-s113-tokens-v2', mode='full', dataset_manifest_sha256='8b21b2ef96e2dabe9...d_bytes': 0, 'swap_fraction': 0.0, 'process_peak_rss_bytes': 341336064}, loss_normalization='supervised_token_mean_v2')
tmp_path = PosixPath('/tmp/pytest-of-root/pytest-400/test_resume_rejects_non_epoch_11')
change = {'model': {'width': 32}}

    @pytest.mark.parametrize("change", [
        {"seed": 117}, {"batch_size": 4}, {"learning_rate": 0.1},
        {"gradient_accumulation_steps": 1}, {"gradient_clip_norm": 2.0},
        {"weight_decay": 0.0}, {"pack_sequences": True}, {"mixed_precision": True},
        {"category_mix_weights": {"science": 2.0}}, {"lora_rank": 2},
        {"lora_alpha": 4.0}, {"model": {"width": 32}}, {"model": {"dropout": 0.0}},
    ])
    def test_resume_rejects_non_epoch_configuration_changes_before_artifacts(
        manifest: Path, full_first: sft.TrainingSummary, tmp_path: Path, change: dict[str, Any],
    ) -> None:
        values = config(epochs=2).model_dump()
        if "model" in change:
            values["model"].update(change["model"])
        else:
            values.update(change)
>       with pytest.raises(ValueError, match="resume checkpoint .*does not match"):
             ^^^^^^^^^^^^^^^^^^^^^^^^^^^^^^^^^^^^^^^^^^^^^^^^^^^^^^^^^^^^^^^^^^^^^
E       Failed: DID NOT RAISE ValueError

../Olympus_integrated_baseline/tests/test_sft_continuation.py:117: Failed
_ test_resume_rejects_non_epoch_configuration_changes_before_artifacts[change12] _

manifest = PosixPath('/tmp/pytest-of-root/pytest-400/continuation-artificial-data0/prepared/manifest.json')
full_first = TrainingSummary(run_id='sft-full-8b21b2ef96e2-s113-tokens-v2', mode='full', dataset_manifest_sha256='8b21b2ef96e2dabe9...d_bytes': 0, 'swap_fraction': 0.0, 'process_peak_rss_bytes': 341336064}, loss_normalization='supervised_token_mean_v2')
tmp_path = PosixPath('/tmp/pytest-of-root/pytest-400/test_resume_rejects_non_epoch_12')
change = {'model': {'dropout': 0.0}}

    @pytest.mark.parametrize("change", [
        {"seed": 117}, {"batch_size": 4}, {"learning_rate": 0.1},
        {"gradient_accumulation_steps": 1}, {"gradient_clip_norm": 2.0},
        {"weight_decay": 0.0}, {"pack_sequences": True}, {"mixed_precision": True},
        {"category_mix_weights": {"science": 2.0}}, {"lora_rank": 2},
        {"lora_alpha": 4.0}, {"model": {"width": 32}}, {"model": {"dropout": 0.0}},
    ])
    def test_resume_rejects_non_epoch_configuration_changes_before_artifacts(
        manifest: Path, full_first: sft.TrainingSummary, tmp_path: Path, change: dict[str, Any],
    ) -> None:
        values = config(epochs=2).model_dump()
        if "model" in change:
            values["model"].update(change["model"])
        else:
            values.update(change)
>       with pytest.raises(ValueError, match="resume checkpoint .*does not match"):
             ^^^^^^^^^^^^^^^^^^^^^^^^^^^^^^^^^^^^^^^^^^^^^^^^^^^^^^^^^^^^^^^^^^^^^
E       Failed: DID NOT RAISE ValueError

../Olympus_integrated_baseline/tests/test_sft_continuation.py:117: Failed
________ test_completed_schedule_cannot_be_republished_as_new_training _________

manifest = PosixPath('/tmp/pytest-of-root/pytest-400/continuation-artificial-data0/prepared/manifest.json')
full_first = TrainingSummary(run_id='sft-full-8b21b2ef96e2-s113-tokens-v2', mode='full', dataset_manifest_sha256='8b21b2ef96e2dabe9...d_bytes': 0, 'swap_fraction': 0.0, 'process_peak_rss_bytes': 341336064}, loss_normalization='supervised_token_mean_v2')
tmp_path = PosixPath('/tmp/pytest-of-root/pytest-400/test_completed_schedule_cannot0')

    def test_completed_schedule_cannot_be_republished_as_new_training(
        manifest: Path, full_first: sft.TrainingSummary, tmp_path: Path,
    ) -> None:
>       with pytest.raises(ValueError, match="epochs must exceed"):
             ^^^^^^^^^^^^^^^^^^^^^^^^^^^^^^^^^^^^^^^^^^^^^^^^^^^^^
E       Failed: DID NOT RAISE ValueError

../Olympus_integrated_baseline/tests/test_sft_continuation.py:127: Failed
__ test_identical_fresh_runs_have_distinct_attempts_and_preserve_prior_bytes ___

manifest = PosixPath('/tmp/pytest-of-root/pytest-400/continuation-artificial-data0/prepared/manifest.json')
tmp_path = PosixPath('/tmp/pytest-of-root/pytest-400/test_identical_fresh_runs_have0')

    def test_identical_fresh_runs_have_distinct_attempts_and_preserve_prior_bytes(
        manifest: Path, tmp_path: Path,
    ) -> None:
        first = sft.run_sft(manifest, tmp_path, config=config())
        retained = {p: p.read_bytes() for p in Path(first.checkpoint_path).parent.iterdir()}
        second = sft.run_sft(manifest, tmp_path, config=config())
>       assert first.run_id != second.run_id
E       AssertionError: assert 'sft-full-8b21b2ef96e2-s113-tokens-v2' != 'sft-full-8b21b2ef96e2-s113-tokens-v2'
E        +  where 'sft-full-8b21b2ef96e2-s113-tokens-v2' = TrainingSummary(run_id='sft-full-8b21b2ef96e2-s113-tokens-v2', mode='full', dataset_manifest_sha256='8b21b2ef96e2dabe9...d_bytes': 0, 'swap_fraction': 0.0, 'process_peak_rss_bytes': 347504640}, loss_normalization='supervised_token_mean_v2').run_id
E        +  and   'sft-full-8b21b2ef96e2-s113-tokens-v2' = TrainingSummary(run_id='sft-full-8b21b2ef96e2-s113-tokens-v2', mode='full', dataset_manifest_sha256='8b21b2ef96e2dabe9...d_bytes': 0, 'swap_fraction': 0.0, 'process_peak_rss_bytes': 347504640}, loss_normalization='supervised_token_mean_v2').run_id

../Olympus_integrated_baseline/tests/test_sft_continuation.py:139: AssertionError
____ test_checkpoint_rejects_disagreement_between_model_and_training_config ____

full_first = TrainingSummary(run_id='sft-full-8b21b2ef96e2-s113-tokens-v2', mode='full', dataset_manifest_sha256='8b21b2ef96e2dabe9...d_bytes': 0, 'swap_fraction': 0.0, 'process_peak_rss_bytes': 341336064}, loss_normalization='supervised_token_mean_v2')
tmp_path = PosixPath('/tmp/pytest-of-root/pytest-400/test_checkpoint_rejects_disagr0')

    def test_checkpoint_rejects_disagreement_between_model_and_training_config(
        full_first: sft.TrainingSummary, tmp_path: Path,
    ) -> None:
        checkpoint = read_checkpoint(full_first.checkpoint_path)
        checkpoint["training_config"]["model"]["dropout"] = 0.0
        path = tmp_path / "mislabeled.pt"
        torch.save(checkpoint, path)
>       with pytest.raises(ValueError, match="model configuration does not match"):
             ^^^^^^^^^^^^^^^^^^^^^^^^^^^^^^^^^^^^^^^^^^^^^^^^^^^^^^^^^^^^^^^^^^^^^
E       Failed: DID NOT RAISE ValueError

../Olympus_integrated_baseline/tests/test_sft_continuation.py:153: Failed
___ test_missing_stochastic_state_is_rejected_for_new_checkpoints[rng_state] ___

manifest = PosixPath('/tmp/pytest-of-root/pytest-400/continuation-artificial-data0/prepared/manifest.json')
full_first = TrainingSummary(run_id='sft-full-8b21b2ef96e2-s113-tokens-v2', mode='full', dataset_manifest_sha256='8b21b2ef96e2dabe9...d_bytes': 0, 'swap_fraction': 0.0, 'process_peak_rss_bytes': 341336064}, loss_normalization='supervised_token_mean_v2')
tmp_path = PosixPath('/tmp/pytest-of-root/pytest-400/test_missing_stochastic_state_0')
field = 'rng_state'

    @pytest.mark.parametrize("field", ["rng_state", "torch_cpu", "python", "device_type"])
    def test_missing_stochastic_state_is_rejected_for_new_checkpoints(
        manifest: Path, full_first: sft.TrainingSummary, tmp_path: Path, field: str,
    ) -> None:
        checkpoint = read_checkpoint(full_first.checkpoint_path)
        if field == "rng_state":
            checkpoint.pop(field, None)
        else:
            checkpoint.setdefault("rng_state", {}).pop(field, None)
        path = tmp_path / "missing-state.pt"
        torch.save(checkpoint, path)
>       with pytest.raises(ValueError, match="random state"):
             ^^^^^^^^^^^^^^^^^^^^^^^^^^^^^^^^^^^^^^^^^^^^^^^
E       Failed: DID NOT RAISE ValueError

../Olympus_integrated_baseline/tests/test_sft_continuation.py:168: Failed
___ test_missing_stochastic_state_is_rejected_for_new_checkpoints[torch_cpu] ___

manifest = PosixPath('/tmp/pytest-of-root/pytest-400/continuation-artificial-data0/prepared/manifest.json')
full_first = TrainingSummary(run_id='sft-full-8b21b2ef96e2-s113-tokens-v2', mode='full', dataset_manifest_sha256='8b21b2ef96e2dabe9...d_bytes': 0, 'swap_fraction': 0.0, 'process_peak_rss_bytes': 341336064}, loss_normalization='supervised_token_mean_v2')
tmp_path = PosixPath('/tmp/pytest-of-root/pytest-400/test_missing_stochastic_state_1')
field = 'torch_cpu'

    @pytest.mark.parametrize("field", ["rng_state", "torch_cpu", "python", "device_type"])
    def test_missing_stochastic_state_is_rejected_for_new_checkpoints(
        manifest: Path, full_first: sft.TrainingSummary, tmp_path: Path, field: str,
    ) -> None:
        checkpoint = read_checkpoint(full_first.checkpoint_path)
        if field == "rng_state":
            checkpoint.pop(field, None)
        else:
            checkpoint.setdefault("rng_state", {}).pop(field, None)
        path = tmp_path / "missing-state.pt"
        torch.save(checkpoint, path)
>       with pytest.raises(ValueError, match="random state"):
             ^^^^^^^^^^^^^^^^^^^^^^^^^^^^^^^^^^^^^^^^^^^^^^^
E       Failed: DID NOT RAISE ValueError

../Olympus_integrated_baseline/tests/test_sft_continuation.py:168: Failed
____ test_missing_stochastic_state_is_rejected_for_new_checkpoints[python] _____

manifest = PosixPath('/tmp/pytest-of-root/pytest-400/continuation-artificial-data0/prepared/manifest.json')
full_first = TrainingSummary(run_id='sft-full-8b21b2ef96e2-s113-tokens-v2', mode='full', dataset_manifest_sha256='8b21b2ef96e2dabe9...d_bytes': 0, 'swap_fraction': 0.0, 'process_peak_rss_bytes': 341336064}, loss_normalization='supervised_token_mean_v2')
tmp_path = PosixPath('/tmp/pytest-of-root/pytest-400/test_missing_stochastic_state_2')
field = 'python'

    @pytest.mark.parametrize("field", ["rng_state", "torch_cpu", "python", "device_type"])
    def test_missing_stochastic_state_is_rejected_for_new_checkpoints(
        manifest: Path, full_first: sft.TrainingSummary, tmp_path: Path, field: str,
    ) -> None:
        checkpoint = read_checkpoint(full_first.checkpoint_path)
        if field == "rng_state":
            checkpoint.pop(field, None)
        else:
            checkpoint.setdefault("rng_state", {}).pop(field, None)
        path = tmp_path / "missing-state.pt"
        torch.save(checkpoint, path)
>       with pytest.raises(ValueError, match="random state"):
             ^^^^^^^^^^^^^^^^^^^^^^^^^^^^^^^^^^^^^^^^^^^^^^^
E       Failed: DID NOT RAISE ValueError

../Olympus_integrated_baseline/tests/test_sft_continuation.py:168: Failed
__ test_missing_stochastic_state_is_rejected_for_new_checkpoints[device_type] __

manifest = PosixPath('/tmp/pytest-of-root/pytest-400/continuation-artificial-data0/prepared/manifest.json')
full_first = TrainingSummary(run_id='sft-full-8b21b2ef96e2-s113-tokens-v2', mode='full', dataset_manifest_sha256='8b21b2ef96e2dabe9...d_bytes': 0, 'swap_fraction': 0.0, 'process_peak_rss_bytes': 341336064}, loss_normalization='supervised_token_mean_v2')
tmp_path = PosixPath('/tmp/pytest-of-root/pytest-400/test_missing_stochastic_state_3')
field = 'device_type'

    @pytest.mark.parametrize("field", ["rng_state", "torch_cpu", "python", "device_type"])
    def test_missing_stochastic_state_is_rejected_for_new_checkpoints(
        manifest: Path, full_first: sft.TrainingSummary, tmp_path: Path, field: str,
    ) -> None:
        checkpoint = read_checkpoint(full_first.checkpoint_path)
        if field == "rng_state":
            checkpoint.pop(field, None)
        else:
            checkpoint.setdefault("rng_state", {}).pop(field, None)
        path = tmp_path / "missing-state.pt"
        torch.save(checkpoint, path)
>       with pytest.raises(ValueError, match="random state"):
             ^^^^^^^^^^^^^^^^^^^^^^^^^^^^^^^^^^^^^^^^^^^^^^^
E       Failed: DID NOT RAISE ValueError

../Olympus_integrated_baseline/tests/test_sft_continuation.py:168: Failed
_ test_legacy_dropout_checkpoint_remains_loadable_but_cannot_claim_exact_resume _

manifest = PosixPath('/tmp/pytest-of-root/pytest-400/continuation-artificial-data0/prepared/manifest.json')
full_first = TrainingSummary(run_id='sft-full-8b21b2ef96e2-s113-tokens-v2', mode='full', dataset_manifest_sha256='8b21b2ef96e2dabe9...d_bytes': 0, 'swap_fraction': 0.0, 'process_peak_rss_bytes': 341336064}, loss_normalization='supervised_token_mean_v2')
tmp_path = PosixPath('/tmp/pytest-of-root/pytest-400/test_legacy_dropout_checkpoint0')

    def test_legacy_dropout_checkpoint_remains_loadable_but_cannot_claim_exact_resume(
        manifest: Path, full_first: sft.TrainingSummary, tmp_path: Path,
    ) -> None:
        checkpoint = read_checkpoint(full_first.checkpoint_path)
        checkpoint["schema_version"] = 2
        checkpoint.pop("rng_state", None)
        path = tmp_path / "legacy-dropout.pt"
        torch.save(checkpoint, path)
        assert sft.load_trained_model(path).config.dropout == 0.25
>       with pytest.raises(ValueError, match="random state"):
             ^^^^^^^^^^^^^^^^^^^^^^^^^^^^^^^^^^^^^^^^^^^^^^^
E       Failed: DID NOT RAISE ValueError

../Olympus_integrated_baseline/tests/test_sft_continuation.py:183: Failed
_________________ test_base_and_resume_are_mutually_exclusive __________________

manifest = PosixPath('/tmp/pytest-of-root/pytest-400/continuation-artificial-data0/prepared/manifest.json')
full_first = TrainingSummary(run_id='sft-full-8b21b2ef96e2-s113-tokens-v2', mode='full', dataset_manifest_sha256='8b21b2ef96e2dabe9...d_bytes': 0, 'swap_fraction': 0.0, 'process_peak_rss_bytes': 341336064}, loss_normalization='supervised_token_mean_v2')
tmp_path = PosixPath('/tmp/pytest-of-root/pytest-400/test_base_and_resume_are_mutua0')

    def test_base_and_resume_are_mutually_exclusive(
        manifest: Path, full_first: sft.TrainingSummary, tmp_path: Path,
    ) -> None:
        path = Path(full_first.checkpoint_path)
>       with pytest.raises(ValueError, match="base and resume"):
             ^^^^^^^^^^^^^^^^^^^^^^^^^^^^^^^^^^^^^^^^^^^^^^^^^^
E       AssertionError: Regex pattern did not match.
E         Expected regex: 'base and resume'
E         Actual message: 'resume checkpoint training mode does not match'

../Olympus_integrated_baseline/tests/test_sft_continuation.py:209: AssertionError
_____________ test_failed_attempt_is_retained_when_retry_succeeds ______________

manifest = PosixPath('/tmp/pytest-of-root/pytest-400/continuation-artificial-data0/prepared/manifest.json')
tmp_path = PosixPath('/tmp/pytest-of-root/pytest-400/test_failed_attempt_is_retaine0')
monkeypatch = <_pytest.monkeypatch.MonkeyPatch object at 0x7fd70c5cc8f0>

    def test_failed_attempt_is_retained_when_retry_succeeds(
        manifest: Path, tmp_path: Path, monkeypatch: pytest.MonkeyPatch,
    ) -> None:
        original = sft._loss
    
        def fail_training(model: sft.TinyCausalLM, *args: Any, **kwargs: Any) -> torch.Tensor:
            if model.training:
                raise RuntimeError("artificial training interruption")
            return original(model, *args, **kwargs)
    
        monkeypatch.setattr(sft, "_loss", fail_training)
        with pytest.raises(RuntimeError, match="artificial training interruption"):
            sft.run_sft(manifest, tmp_path, config=config())
        paths = list(tmp_path.rglob("attempt.json"))
>       assert len(paths) == 1
E       assert 0 == 1
E        +  where 0 = len([])

../Olympus_integrated_baseline/tests/test_sft_continuation.py:228: AssertionError
__ test_resume_identity_binds_the_bytes_deserialized_before_path_replacement ___

manifest = PosixPath('/tmp/pytest-of-root/pytest-400/continuation-artificial-data0/prepared/manifest.json')
full_first = TrainingSummary(run_id='sft-full-8b21b2ef96e2-s113-tokens-v2', mode='full', dataset_manifest_sha256='8b21b2ef96e2dabe9...d_bytes': 0, 'swap_fraction': 0.0, 'process_peak_rss_bytes': 341336064}, loss_normalization='supervised_token_mean_v2')
tmp_path = PosixPath('/tmp/pytest-of-root/pytest-400/test_resume_identity_binds_the0')
monkeypatch = <_pytest.monkeypatch.MonkeyPatch object at 0x7fd70c57be30>

    def test_resume_identity_binds_the_bytes_deserialized_before_path_replacement(
        manifest: Path, full_first: sft.TrainingSummary, tmp_path: Path,
        monkeypatch: pytest.MonkeyPatch,
    ) -> None:
        parent_bytes = Path(full_first.checkpoint_path).read_bytes()
        parent = tmp_path / "parent.pt"
        parent.write_bytes(parent_bytes)
        original = Path.read_bytes
        reads: list[bytes] = []
    
        def replace_after_read(path: Path) -> bytes:
            payload = original(path)
            if path == parent:
                reads.append(payload)
                parent.write_bytes(b"artificial replacement after verified snapshot")
            return payload
    
        monkeypatch.setattr(Path, "read_bytes", replace_after_read)
        summary = sft.run_sft(manifest, tmp_path / "child", config=config(epochs=2),
                              resume_checkpoint=parent)
        expected_hash = hashlib.sha256(parent_bytes).hexdigest()
>       assert reads == [parent_bytes]
E       AssertionError: assert [] == [b'PK\x03\x04...\x00\x00\x00']
E         
E         Right contains one more item: b'PK\x03\x04\x00\x00\x08\x08\x00\x00\x00\x00\x00\x00\x00\x00\x00\x00\x00\x00\x00\x00\x00\x00\x00\x00\x17\x00\x0b\x00.c...?\xea\x02\x00\x00\x00\x00\x00\x01\x00\x00\x00PK\x05\x06\x00\x00\x00\x00K\x00K\x00\x07\x14\x00\x008\xd6\x02\x00\x00\x00'
E         Use -v to get more diff

../Olympus_integrated_baseline/tests/test_sft_continuation.py:262: AssertionError
=========================== short test summary info ============================
FAILED ../Olympus_integrated_baseline/tests/test_sft_continuation.py::test_dropout_resume_matches_uninterrupted_model_optimizer_and_metrics[full]
FAILED ../Olympus_integrated_baseline/tests/test_sft_continuation.py::test_dropout_resume_matches_uninterrupted_model_optimizer_and_metrics[lora]
FAILED ../Olympus_integrated_baseline/tests/test_sft_continuation.py::test_dropout_resume_matches_uninterrupted_model_optimizer_and_metrics[qlora]
FAILED ../Olympus_integrated_baseline/tests/test_sft_continuation.py::test_resume_rejects_non_epoch_configuration_changes_before_artifacts[change0]
FAILED ../Olympus_integrated_baseline/tests/test_sft_continuation.py::test_resume_rejects_non_epoch_configuration_changes_before_artifacts[change1]
FAILED ../Olympus_integrated_baseline/tests/test_sft_continuation.py::test_resume_rejects_non_epoch_configuration_changes_before_artifacts[change2]
FAILED ../Olympus_integrated_baseline/tests/test_sft_continuation.py::test_resume_rejects_non_epoch_configuration_changes_before_artifacts[change3]
FAILED ../Olympus_integrated_baseline/tests/test_sft_continuation.py::test_resume_rejects_non_epoch_configuration_changes_before_artifacts[change4]
FAILED ../Olympus_integrated_baseline/tests/test_sft_continuation.py::test_resume_rejects_non_epoch_configuration_changes_before_artifacts[change5]
FAILED ../Olympus_integrated_baseline/tests/test_sft_continuation.py::test_resume_rejects_non_epoch_configuration_changes_before_artifacts[change6]
FAILED ../Olympus_integrated_baseline/tests/test_sft_continuation.py::test_resume_rejects_non_epoch_configuration_changes_before_artifacts[change7]
FAILED ../Olympus_integrated_baseline/tests/test_sft_continuation.py::test_resume_rejects_non_epoch_configuration_changes_before_artifacts[change8]
FAILED ../Olympus_integrated_baseline/tests/test_sft_continuation.py::test_resume_rejects_non_epoch_configuration_changes_before_artifacts[change9]
FAILED ../Olympus_integrated_baseline/tests/test_sft_continuation.py::test_resume_rejects_non_epoch_configuration_changes_before_artifacts[change10]
FAILED ../Olympus_integrated_baseline/tests/test_sft_continuation.py::test_resume_rejects_non_epoch_configuration_changes_before_artifacts[change11]
FAILED ../Olympus_integrated_baseline/tests/test_sft_continuation.py::test_resume_rejects_non_epoch_configuration_changes_before_artifacts[change12]
FAILED ../Olympus_integrated_baseline/tests/test_sft_continuation.py::test_completed_schedule_cannot_be_republished_as_new_training
FAILED ../Olympus_integrated_baseline/tests/test_sft_continuation.py::test_identical_fresh_runs_have_distinct_attempts_and_preserve_prior_bytes
FAILED ../Olympus_integrated_baseline/tests/test_sft_continuation.py::test_checkpoint_rejects_disagreement_between_model_and_training_config
FAILED ../Olympus_integrated_baseline/tests/test_sft_continuation.py::test_missing_stochastic_state_is_rejected_for_new_checkpoints[rng_state]
FAILED ../Olympus_integrated_baseline/tests/test_sft_continuation.py::test_missing_stochastic_state_is_rejected_for_new_checkpoints[torch_cpu]
FAILED ../Olympus_integrated_baseline/tests/test_sft_continuation.py::test_missing_stochastic_state_is_rejected_for_new_checkpoints[python]
FAILED ../Olympus_integrated_baseline/tests/test_sft_continuation.py::test_missing_stochastic_state_is_rejected_for_new_checkpoints[device_type]
FAILED ../Olympus_integrated_baseline/tests/test_sft_continuation.py::test_legacy_dropout_checkpoint_remains_loadable_but_cannot_claim_exact_resume
FAILED ../Olympus_integrated_baseline/tests/test_sft_continuation.py::test_base_and_resume_are_mutually_exclusive
FAILED ../Olympus_integrated_baseline/tests/test_sft_continuation.py::test_failed_attempt_is_retained_when_retry_succeeds
FAILED ../Olympus_integrated_baseline/tests/test_sft_continuation.py::test_resume_identity_binds_the_bytes_deserialized_before_path_replacement
27 failed, 1 passed in 7.60s
