........................................................................ [ 70%]
...........FFFF...............                                           [100%]
=================================== FAILURES ===================================
_ test_actual_training_matches_unsplit_batch_gradients_including_short_tail[1-3] _

manifest_path = PosixPath('/tmp/pytest-of-root/pytest-443/sft-token-dataset0/manifest.json')
tmp_path = PosixPath('/tmp/pytest-of-root/pytest-443/test_actual_training_matches_u0')
monkeypatch = <_pytest.monkeypatch.MonkeyPatch object at 0x7f27a0028dd0>
batch_size = 1, accumulation = 3

    @pytest.mark.parametrize("batch_size,accumulation", [(1, 3), (1, 5), (2, 5)])
    def test_actual_training_matches_unsplit_batch_gradients_including_short_tail(
        manifest_path: Path, tmp_path: Path, monkeypatch: pytest.MonkeyPatch,
        batch_size: int, accumulation: int,
    ) -> None:
        # The exact attention key-bias gradient is zero. Float32 cancellation can
        # create tiny gradients that AdamW amplifies through its epsilon, obscuring
        # the partition identity in saved parameters. Use float64 for this strict
        # optimizer oracle; the separate tail and end-to-end tests retain float32.
        monkeypatch.setattr(sft, "TinyCausalLM", Float64TinyCausalLM)
        gradients = record_gradients(monkeypatch)
        config = small_config(batch_size=batch_size, gradient_accumulation_steps=accumulation)
>       accumulated = sft.run_sft(manifest_path, tmp_path / "microbatches", config=config)
                      ^^^^^^^^^^^^^^^^^^^^^^^^^^^^^^^^^^^^^^^^^^^^^^^^^^^^^^^^^^^^^^^^^^^^

tests/test_sft_token_normalization.py:157: 
_ _ _ _ _ _ _ _ _ _ _ _ _ _ _ _ _ _ _ _ _ _ _ _ _ _ _ _ _ _ _ _ _ _ _ _ _ _ _ _ 

manifest_path = PosixPath('/tmp/pytest-of-root/pytest-443/sft-token-dataset0/manifest.json')
output_root = PosixPath('/tmp/pytest-of-root/pytest-443/test_actual_training_matches_u0/microbatches')
config = SFTConfig(mode='full', loss_normalization='supervised_token_mean_v2', seed=71, epochs=1, batch_size=1, learning_rate=0...device='cpu', model=TinyModelConfig(vocab_size=260, width=16, layers=1, heads=4, max_sequence_tokens=160, dropout=0.0))
base_checkpoint = None, resume_checkpoint = None

    def run_sft(
        manifest_path: Path,
        output_root: Path,
        *,
        config: SFTConfig,
        base_checkpoint: Path | None = None,
        resume_checkpoint: Path | None = None,
    ) -> TrainingSummary:
        if base_checkpoint is not None and resume_checkpoint is not None:
            raise ValueError("base and resume checkpoints are mutually exclusive")
        if config.mode != "full" and base_checkpoint is None and resume_checkpoint is None:
            raise ValueError("LoRA and QLoRA require a base checkpoint or resume checkpoint")
        if config.mode == "full" and base_checkpoint is not None:
            raise ValueError("full SFT does not accept a base checkpoint")
        manifest, examples_by_split = load_verified_dataset(manifest_path)
        if manifest.manifest_sha256 is None:
            raise ValueError("dataset manifest has no immutable hash")
        output_root = output_root.resolve()
        governor = ResourceGovernor(output_root / ".workload.lock")
        start = time.perf_counter()
        with governor:
            random.seed(config.seed)
            torch.manual_seed(config.seed)
            generator = torch.Generator().manual_seed(config.seed)
            device = _resolve_device(config.device)
            train_rows = _encode_examples(examples_by_split["train"], config)
            validation_rows = _encode_examples(examples_by_split["validation"], config)
            del examples_by_split
            base_sha: str | None = None
            resume_sha: str | None = None
            completed_epochs = 0
            optimizer_steps = 0
    
            if resume_checkpoint is not None:
                resumed, resume_sha = _read_checkpoint(resume_checkpoint)
                if resumed["dataset_manifest_sha256"] != manifest.manifest_sha256:
                    raise ValueError("resume checkpoint dataset hash does not match")
                resumed_config = _checkpoint_training_config(resumed)
                if resumed_config.mode != config.mode:
                    raise ValueError("resume checkpoint training mode does not match")
                if resumed_config.loss_normalization != config.loss_normalization:
                    raise ValueError("resume checkpoint loss normalization does not match")
                if resumed_config.model_dump(exclude={"epochs"}) != config.model_dump(
                    exclude={"epochs"}
                ):
                    raise ValueError("resume checkpoint configuration does not match")
                completed_epochs = _checkpoint_counter(resumed, "completed_epochs")
                optimizer_steps = _checkpoint_counter(resumed, "optimizer_steps")
                if completed_epochs > resumed_config.epochs:
                    raise ValueError("checkpoint completed_epochs exceeds its saved epoch schedule")
                batches_per_epoch = math.ceil(len(train_rows) / config.batch_size)
                steps_per_epoch = math.ceil(batches_per_epoch / config.gradient_accumulation_steps)
                if optimizer_steps != completed_epochs * steps_per_epoch:
                    raise ValueError("checkpoint optimizer_steps is inconsistent with its epoch schedule")
                if config.epochs <= completed_epochs:
                    raise ValueError("resume epochs must exceed the completed checkpoint epochs")
                base_sha = cast(str | None, resumed.get("base_checkpoint_sha256"))
                model = _model_from_payload(resumed, device)
            elif base_checkpoint is not None:
                base_payload, base_sha = _read_checkpoint(base_checkpoint)
                base_model = _model_from_payload(base_payload, device)
                model = TinyCausalLM(config.model).to(device)
                model.load_state_dict(base_model.state_dict())
                apply_adapters(model, config.mode, config.lora_rank, config.lora_alpha)
                model.to(device)
            else:
                model = TinyCausalLM(config.model).to(device)
    
            trainable = [parameter for parameter in model.parameters() if parameter.requires_grad]
            if not trainable:
                raise RuntimeError("training configuration has no trainable parameters")
            optimizer = torch.optim.AdamW(
                trainable, lr=config.learning_rate, weight_decay=config.weight_decay
            )
            if resume_checkpoint is not None:
                _require_finite(resumed["optimizer_state"], "checkpoint optimizer state")
                optimizer.load_state_dict(resumed["optimizer_state"])
                for parameter in trainable:
                    state = optimizer.state.get(parameter, {})
                    if optimizer_steps and (
                        not {"step", "exp_avg", "exp_avg_sq"} <= state.keys()
                        or float(state["step"]) != optimizer_steps
                    ):
                        raise ValueError("checkpoint optimizer state does not match its step counter")
                generator.set_state(resumed["generator_state"])
                _restore_rng_state(resumed, config, device)
    
            initial_validation = evaluate_loss(
                model, validation_rows, device=device, normalization=config.loss_normalization
            )
            mixed_effective = config.mixed_precision and device.type == "cuda"
            run_id = f"sft-{config.mode}-{manifest.manifest_sha256[:12]}-s{config.seed}"
            if config.loss_normalization == "supervised_token_mean_v2":
                run_id += "-tokens-v2"
            metadata: dict[str, Any] = {
                "dataset_manifest_sha256": manifest.manifest_sha256,
                "training_config": config.model_dump(mode="json"),
                "base_checkpoint_sha256": base_sha,
                "resume_checkpoint_sha256": resume_sha,
                "source_sha256": _sha256(Path(__file__)),
                "torch_version": str(torch.__version__),
                "device_type": device.type,
            }
            with _run_attempt(output_root, run_id, metadata) as attempt:
                run_id = attempt.name
                log_path = attempt / "metrics.jsonl"
                optimizer.zero_grad(set_to_none=True)
                with log_path.open("x", encoding="utf-8") as log:
                    for epoch in range(completed_epochs, config.epochs):
                        model.train()
                        epoch_losses: list[float] = []
                        epoch_tokens = 0
                        batches = list(_batches(train_rows, config.batch_size, generator))
                        token_counts = [_supervised_token_count(labels) for _, labels in batches]
                        window_tokens = 0
                        for batch_index, (tokens, labels) in enumerate(batches):
                            if batch_index % config.gradient_accumulation_steps == 0:
                                window_tokens = sum(token_counts[
                                    batch_index : batch_index + config.gradient_accumulation_steps
                                ])
                            autocast = (
                                torch.autocast(device_type="cuda", dtype=torch.bfloat16)
                                if mixed_effective
                                else nullcontext()
                            )
                            with autocast:
                                if config.loss_normalization == "supervised_token_mean_v2":
                                    loss = _loss(
                                        model, tokens.to(device), labels.to(device), reduction="sum"
                                    )
                                    # Normalize the entire optimizer window before clipping.
                                    # The final partial window uses its actual target count.
                                    scaled_loss = loss / window_tokens
                                else:
                                    loss = _loss(model, tokens.to(device), labels.to(device))
                                    scaled_loss = loss / config.gradient_accumulation_steps
                            _require_finite(loss, "training loss")
                            scaled_loss.backward()  # type: ignore[no-untyped-call]
                            loss_value = float(loss.detach().cpu().item())
                            epoch_losses.append(loss_value)
                            epoch_tokens += token_counts[batch_index]
                            should_step = (
                                (batch_index + 1) % config.gradient_accumulation_steps == 0
                                or batch_index + 1 == len(batches)
                            )
                            if should_step:
                                for parameter in trainable:
                                    _require_finite(parameter.grad, "training gradient")
>                               nn.utils.clip_grad_norm_(
                                    trainable, config.gradient_clip_norm, error_if_nonfinite=True
                                )
E                               TypeError: record_gradients.<locals>.capture_before_clipping() got an unexpected keyword argument 'error_if_nonfinite'

olympus/foundry/sft.py:743: TypeError
_ test_actual_training_matches_unsplit_batch_gradients_including_short_tail[1-5] _

manifest_path = PosixPath('/tmp/pytest-of-root/pytest-443/sft-token-dataset0/manifest.json')
tmp_path = PosixPath('/tmp/pytest-of-root/pytest-443/test_actual_training_matches_u1')
monkeypatch = <_pytest.monkeypatch.MonkeyPatch object at 0x7f279f4afa40>
batch_size = 1, accumulation = 5

    @pytest.mark.parametrize("batch_size,accumulation", [(1, 3), (1, 5), (2, 5)])
    def test_actual_training_matches_unsplit_batch_gradients_including_short_tail(
        manifest_path: Path, tmp_path: Path, monkeypatch: pytest.MonkeyPatch,
        batch_size: int, accumulation: int,
    ) -> None:
        # The exact attention key-bias gradient is zero. Float32 cancellation can
        # create tiny gradients that AdamW amplifies through its epsilon, obscuring
        # the partition identity in saved parameters. Use float64 for this strict
        # optimizer oracle; the separate tail and end-to-end tests retain float32.
        monkeypatch.setattr(sft, "TinyCausalLM", Float64TinyCausalLM)
        gradients = record_gradients(monkeypatch)
        config = small_config(batch_size=batch_size, gradient_accumulation_steps=accumulation)
>       accumulated = sft.run_sft(manifest_path, tmp_path / "microbatches", config=config)
                      ^^^^^^^^^^^^^^^^^^^^^^^^^^^^^^^^^^^^^^^^^^^^^^^^^^^^^^^^^^^^^^^^^^^^

tests/test_sft_token_normalization.py:157: 
_ _ _ _ _ _ _ _ _ _ _ _ _ _ _ _ _ _ _ _ _ _ _ _ _ _ _ _ _ _ _ _ _ _ _ _ _ _ _ _ 

manifest_path = PosixPath('/tmp/pytest-of-root/pytest-443/sft-token-dataset0/manifest.json')
output_root = PosixPath('/tmp/pytest-of-root/pytest-443/test_actual_training_matches_u1/microbatches')
config = SFTConfig(mode='full', loss_normalization='supervised_token_mean_v2', seed=71, epochs=1, batch_size=1, learning_rate=0...device='cpu', model=TinyModelConfig(vocab_size=260, width=16, layers=1, heads=4, max_sequence_tokens=160, dropout=0.0))
base_checkpoint = None, resume_checkpoint = None

    def run_sft(
        manifest_path: Path,
        output_root: Path,
        *,
        config: SFTConfig,
        base_checkpoint: Path | None = None,
        resume_checkpoint: Path | None = None,
    ) -> TrainingSummary:
        if base_checkpoint is not None and resume_checkpoint is not None:
            raise ValueError("base and resume checkpoints are mutually exclusive")
        if config.mode != "full" and base_checkpoint is None and resume_checkpoint is None:
            raise ValueError("LoRA and QLoRA require a base checkpoint or resume checkpoint")
        if config.mode == "full" and base_checkpoint is not None:
            raise ValueError("full SFT does not accept a base checkpoint")
        manifest, examples_by_split = load_verified_dataset(manifest_path)
        if manifest.manifest_sha256 is None:
            raise ValueError("dataset manifest has no immutable hash")
        output_root = output_root.resolve()
        governor = ResourceGovernor(output_root / ".workload.lock")
        start = time.perf_counter()
        with governor:
            random.seed(config.seed)
            torch.manual_seed(config.seed)
            generator = torch.Generator().manual_seed(config.seed)
            device = _resolve_device(config.device)
            train_rows = _encode_examples(examples_by_split["train"], config)
            validation_rows = _encode_examples(examples_by_split["validation"], config)
            del examples_by_split
            base_sha: str | None = None
            resume_sha: str | None = None
            completed_epochs = 0
            optimizer_steps = 0
    
            if resume_checkpoint is not None:
                resumed, resume_sha = _read_checkpoint(resume_checkpoint)
                if resumed["dataset_manifest_sha256"] != manifest.manifest_sha256:
                    raise ValueError("resume checkpoint dataset hash does not match")
                resumed_config = _checkpoint_training_config(resumed)
                if resumed_config.mode != config.mode:
                    raise ValueError("resume checkpoint training mode does not match")
                if resumed_config.loss_normalization != config.loss_normalization:
                    raise ValueError("resume checkpoint loss normalization does not match")
                if resumed_config.model_dump(exclude={"epochs"}) != config.model_dump(
                    exclude={"epochs"}
                ):
                    raise ValueError("resume checkpoint configuration does not match")
                completed_epochs = _checkpoint_counter(resumed, "completed_epochs")
                optimizer_steps = _checkpoint_counter(resumed, "optimizer_steps")
                if completed_epochs > resumed_config.epochs:
                    raise ValueError("checkpoint completed_epochs exceeds its saved epoch schedule")
                batches_per_epoch = math.ceil(len(train_rows) / config.batch_size)
                steps_per_epoch = math.ceil(batches_per_epoch / config.gradient_accumulation_steps)
                if optimizer_steps != completed_epochs * steps_per_epoch:
                    raise ValueError("checkpoint optimizer_steps is inconsistent with its epoch schedule")
                if config.epochs <= completed_epochs:
                    raise ValueError("resume epochs must exceed the completed checkpoint epochs")
                base_sha = cast(str | None, resumed.get("base_checkpoint_sha256"))
                model = _model_from_payload(resumed, device)
            elif base_checkpoint is not None:
                base_payload, base_sha = _read_checkpoint(base_checkpoint)
                base_model = _model_from_payload(base_payload, device)
                model = TinyCausalLM(config.model).to(device)
                model.load_state_dict(base_model.state_dict())
                apply_adapters(model, config.mode, config.lora_rank, config.lora_alpha)
                model.to(device)
            else:
                model = TinyCausalLM(config.model).to(device)
    
            trainable = [parameter for parameter in model.parameters() if parameter.requires_grad]
            if not trainable:
                raise RuntimeError("training configuration has no trainable parameters")
            optimizer = torch.optim.AdamW(
                trainable, lr=config.learning_rate, weight_decay=config.weight_decay
            )
            if resume_checkpoint is not None:
                _require_finite(resumed["optimizer_state"], "checkpoint optimizer state")
                optimizer.load_state_dict(resumed["optimizer_state"])
                for parameter in trainable:
                    state = optimizer.state.get(parameter, {})
                    if optimizer_steps and (
                        not {"step", "exp_avg", "exp_avg_sq"} <= state.keys()
                        or float(state["step"]) != optimizer_steps
                    ):
                        raise ValueError("checkpoint optimizer state does not match its step counter")
                generator.set_state(resumed["generator_state"])
                _restore_rng_state(resumed, config, device)
    
            initial_validation = evaluate_loss(
                model, validation_rows, device=device, normalization=config.loss_normalization
            )
            mixed_effective = config.mixed_precision and device.type == "cuda"
            run_id = f"sft-{config.mode}-{manifest.manifest_sha256[:12]}-s{config.seed}"
            if config.loss_normalization == "supervised_token_mean_v2":
                run_id += "-tokens-v2"
            metadata: dict[str, Any] = {
                "dataset_manifest_sha256": manifest.manifest_sha256,
                "training_config": config.model_dump(mode="json"),
                "base_checkpoint_sha256": base_sha,
                "resume_checkpoint_sha256": resume_sha,
                "source_sha256": _sha256(Path(__file__)),
                "torch_version": str(torch.__version__),
                "device_type": device.type,
            }
            with _run_attempt(output_root, run_id, metadata) as attempt:
                run_id = attempt.name
                log_path = attempt / "metrics.jsonl"
                optimizer.zero_grad(set_to_none=True)
                with log_path.open("x", encoding="utf-8") as log:
                    for epoch in range(completed_epochs, config.epochs):
                        model.train()
                        epoch_losses: list[float] = []
                        epoch_tokens = 0
                        batches = list(_batches(train_rows, config.batch_size, generator))
                        token_counts = [_supervised_token_count(labels) for _, labels in batches]
                        window_tokens = 0
                        for batch_index, (tokens, labels) in enumerate(batches):
                            if batch_index % config.gradient_accumulation_steps == 0:
                                window_tokens = sum(token_counts[
                                    batch_index : batch_index + config.gradient_accumulation_steps
                                ])
                            autocast = (
                                torch.autocast(device_type="cuda", dtype=torch.bfloat16)
                                if mixed_effective
                                else nullcontext()
                            )
                            with autocast:
                                if config.loss_normalization == "supervised_token_mean_v2":
                                    loss = _loss(
                                        model, tokens.to(device), labels.to(device), reduction="sum"
                                    )
                                    # Normalize the entire optimizer window before clipping.
                                    # The final partial window uses its actual target count.
                                    scaled_loss = loss / window_tokens
                                else:
                                    loss = _loss(model, tokens.to(device), labels.to(device))
                                    scaled_loss = loss / config.gradient_accumulation_steps
                            _require_finite(loss, "training loss")
                            scaled_loss.backward()  # type: ignore[no-untyped-call]
                            loss_value = float(loss.detach().cpu().item())
                            epoch_losses.append(loss_value)
                            epoch_tokens += token_counts[batch_index]
                            should_step = (
                                (batch_index + 1) % config.gradient_accumulation_steps == 0
                                or batch_index + 1 == len(batches)
                            )
                            if should_step:
                                for parameter in trainable:
                                    _require_finite(parameter.grad, "training gradient")
>                               nn.utils.clip_grad_norm_(
                                    trainable, config.gradient_clip_norm, error_if_nonfinite=True
                                )
E                               TypeError: record_gradients.<locals>.capture_before_clipping() got an unexpected keyword argument 'error_if_nonfinite'

olympus/foundry/sft.py:743: TypeError
_ test_actual_training_matches_unsplit_batch_gradients_including_short_tail[2-5] _

manifest_path = PosixPath('/tmp/pytest-of-root/pytest-443/sft-token-dataset0/manifest.json')
tmp_path = PosixPath('/tmp/pytest-of-root/pytest-443/test_actual_training_matches_u2')
monkeypatch = <_pytest.monkeypatch.MonkeyPatch object at 0x7f279f44b380>
batch_size = 2, accumulation = 5

    @pytest.mark.parametrize("batch_size,accumulation", [(1, 3), (1, 5), (2, 5)])
    def test_actual_training_matches_unsplit_batch_gradients_including_short_tail(
        manifest_path: Path, tmp_path: Path, monkeypatch: pytest.MonkeyPatch,
        batch_size: int, accumulation: int,
    ) -> None:
        # The exact attention key-bias gradient is zero. Float32 cancellation can
        # create tiny gradients that AdamW amplifies through its epsilon, obscuring
        # the partition identity in saved parameters. Use float64 for this strict
        # optimizer oracle; the separate tail and end-to-end tests retain float32.
        monkeypatch.setattr(sft, "TinyCausalLM", Float64TinyCausalLM)
        gradients = record_gradients(monkeypatch)
        config = small_config(batch_size=batch_size, gradient_accumulation_steps=accumulation)
>       accumulated = sft.run_sft(manifest_path, tmp_path / "microbatches", config=config)
                      ^^^^^^^^^^^^^^^^^^^^^^^^^^^^^^^^^^^^^^^^^^^^^^^^^^^^^^^^^^^^^^^^^^^^

tests/test_sft_token_normalization.py:157: 
_ _ _ _ _ _ _ _ _ _ _ _ _ _ _ _ _ _ _ _ _ _ _ _ _ _ _ _ _ _ _ _ _ _ _ _ _ _ _ _ 

manifest_path = PosixPath('/tmp/pytest-of-root/pytest-443/sft-token-dataset0/manifest.json')
output_root = PosixPath('/tmp/pytest-of-root/pytest-443/test_actual_training_matches_u2/microbatches')
config = SFTConfig(mode='full', loss_normalization='supervised_token_mean_v2', seed=71, epochs=1, batch_size=2, learning_rate=0...device='cpu', model=TinyModelConfig(vocab_size=260, width=16, layers=1, heads=4, max_sequence_tokens=160, dropout=0.0))
base_checkpoint = None, resume_checkpoint = None

    def run_sft(
        manifest_path: Path,
        output_root: Path,
        *,
        config: SFTConfig,
        base_checkpoint: Path | None = None,
        resume_checkpoint: Path | None = None,
    ) -> TrainingSummary:
        if base_checkpoint is not None and resume_checkpoint is not None:
            raise ValueError("base and resume checkpoints are mutually exclusive")
        if config.mode != "full" and base_checkpoint is None and resume_checkpoint is None:
            raise ValueError("LoRA and QLoRA require a base checkpoint or resume checkpoint")
        if config.mode == "full" and base_checkpoint is not None:
            raise ValueError("full SFT does not accept a base checkpoint")
        manifest, examples_by_split = load_verified_dataset(manifest_path)
        if manifest.manifest_sha256 is None:
            raise ValueError("dataset manifest has no immutable hash")
        output_root = output_root.resolve()
        governor = ResourceGovernor(output_root / ".workload.lock")
        start = time.perf_counter()
        with governor:
            random.seed(config.seed)
            torch.manual_seed(config.seed)
            generator = torch.Generator().manual_seed(config.seed)
            device = _resolve_device(config.device)
            train_rows = _encode_examples(examples_by_split["train"], config)
            validation_rows = _encode_examples(examples_by_split["validation"], config)
            del examples_by_split
            base_sha: str | None = None
            resume_sha: str | None = None
            completed_epochs = 0
            optimizer_steps = 0
    
            if resume_checkpoint is not None:
                resumed, resume_sha = _read_checkpoint(resume_checkpoint)
                if resumed["dataset_manifest_sha256"] != manifest.manifest_sha256:
                    raise ValueError("resume checkpoint dataset hash does not match")
                resumed_config = _checkpoint_training_config(resumed)
                if resumed_config.mode != config.mode:
                    raise ValueError("resume checkpoint training mode does not match")
                if resumed_config.loss_normalization != config.loss_normalization:
                    raise ValueError("resume checkpoint loss normalization does not match")
                if resumed_config.model_dump(exclude={"epochs"}) != config.model_dump(
                    exclude={"epochs"}
                ):
                    raise ValueError("resume checkpoint configuration does not match")
                completed_epochs = _checkpoint_counter(resumed, "completed_epochs")
                optimizer_steps = _checkpoint_counter(resumed, "optimizer_steps")
                if completed_epochs > resumed_config.epochs:
                    raise ValueError("checkpoint completed_epochs exceeds its saved epoch schedule")
                batches_per_epoch = math.ceil(len(train_rows) / config.batch_size)
                steps_per_epoch = math.ceil(batches_per_epoch / config.gradient_accumulation_steps)
                if optimizer_steps != completed_epochs * steps_per_epoch:
                    raise ValueError("checkpoint optimizer_steps is inconsistent with its epoch schedule")
                if config.epochs <= completed_epochs:
                    raise ValueError("resume epochs must exceed the completed checkpoint epochs")
                base_sha = cast(str | None, resumed.get("base_checkpoint_sha256"))
                model = _model_from_payload(resumed, device)
            elif base_checkpoint is not None:
                base_payload, base_sha = _read_checkpoint(base_checkpoint)
                base_model = _model_from_payload(base_payload, device)
                model = TinyCausalLM(config.model).to(device)
                model.load_state_dict(base_model.state_dict())
                apply_adapters(model, config.mode, config.lora_rank, config.lora_alpha)
                model.to(device)
            else:
                model = TinyCausalLM(config.model).to(device)
    
            trainable = [parameter for parameter in model.parameters() if parameter.requires_grad]
            if not trainable:
                raise RuntimeError("training configuration has no trainable parameters")
            optimizer = torch.optim.AdamW(
                trainable, lr=config.learning_rate, weight_decay=config.weight_decay
            )
            if resume_checkpoint is not None:
                _require_finite(resumed["optimizer_state"], "checkpoint optimizer state")
                optimizer.load_state_dict(resumed["optimizer_state"])
                for parameter in trainable:
                    state = optimizer.state.get(parameter, {})
                    if optimizer_steps and (
                        not {"step", "exp_avg", "exp_avg_sq"} <= state.keys()
                        or float(state["step"]) != optimizer_steps
                    ):
                        raise ValueError("checkpoint optimizer state does not match its step counter")
                generator.set_state(resumed["generator_state"])
                _restore_rng_state(resumed, config, device)
    
            initial_validation = evaluate_loss(
                model, validation_rows, device=device, normalization=config.loss_normalization
            )
            mixed_effective = config.mixed_precision and device.type == "cuda"
            run_id = f"sft-{config.mode}-{manifest.manifest_sha256[:12]}-s{config.seed}"
            if config.loss_normalization == "supervised_token_mean_v2":
                run_id += "-tokens-v2"
            metadata: dict[str, Any] = {
                "dataset_manifest_sha256": manifest.manifest_sha256,
                "training_config": config.model_dump(mode="json"),
                "base_checkpoint_sha256": base_sha,
                "resume_checkpoint_sha256": resume_sha,
                "source_sha256": _sha256(Path(__file__)),
                "torch_version": str(torch.__version__),
                "device_type": device.type,
            }
            with _run_attempt(output_root, run_id, metadata) as attempt:
                run_id = attempt.name
                log_path = attempt / "metrics.jsonl"
                optimizer.zero_grad(set_to_none=True)
                with log_path.open("x", encoding="utf-8") as log:
                    for epoch in range(completed_epochs, config.epochs):
                        model.train()
                        epoch_losses: list[float] = []
                        epoch_tokens = 0
                        batches = list(_batches(train_rows, config.batch_size, generator))
                        token_counts = [_supervised_token_count(labels) for _, labels in batches]
                        window_tokens = 0
                        for batch_index, (tokens, labels) in enumerate(batches):
                            if batch_index % config.gradient_accumulation_steps == 0:
                                window_tokens = sum(token_counts[
                                    batch_index : batch_index + config.gradient_accumulation_steps
                                ])
                            autocast = (
                                torch.autocast(device_type="cuda", dtype=torch.bfloat16)
                                if mixed_effective
                                else nullcontext()
                            )
                            with autocast:
                                if config.loss_normalization == "supervised_token_mean_v2":
                                    loss = _loss(
                                        model, tokens.to(device), labels.to(device), reduction="sum"
                                    )
                                    # Normalize the entire optimizer window before clipping.
                                    # The final partial window uses its actual target count.
                                    scaled_loss = loss / window_tokens
                                else:
                                    loss = _loss(model, tokens.to(device), labels.to(device))
                                    scaled_loss = loss / config.gradient_accumulation_steps
                            _require_finite(loss, "training loss")
                            scaled_loss.backward()  # type: ignore[no-untyped-call]
                            loss_value = float(loss.detach().cpu().item())
                            epoch_losses.append(loss_value)
                            epoch_tokens += token_counts[batch_index]
                            should_step = (
                                (batch_index + 1) % config.gradient_accumulation_steps == 0
                                or batch_index + 1 == len(batches)
                            )
                            if should_step:
                                for parameter in trainable:
                                    _require_finite(parameter.grad, "training gradient")
>                               nn.utils.clip_grad_norm_(
                                    trainable, config.gradient_clip_norm, error_if_nonfinite=True
                                )
E                               TypeError: record_gradients.<locals>.capture_before_clipping() got an unexpected keyword argument 'error_if_nonfinite'

olympus/foundry/sft.py:743: TypeError
___ test_short_window_is_not_scaled_down_even_when_answer_lengths_are_equal ____

manifest_path = PosixPath('/tmp/pytest-of-root/pytest-443/sft-token-dataset0/manifest.json')
tmp_path = PosixPath('/tmp/pytest-of-root/pytest-443/test_short_window_is_not_scale0')
monkeypatch = <_pytest.monkeypatch.MonkeyPatch object at 0x7f27a002a1b0>

    def test_short_window_is_not_scaled_down_even_when_answer_lengths_are_equal(
        manifest_path: Path, tmp_path: Path, monkeypatch: pytest.MonkeyPatch,
    ) -> None:
        # Use the existing category selection control on a fixed fixture. Both
        # selected answers have 46 supervised targets, so this isolates the short
        # window defect from unequal-answer weighting without changing any data.
        examples = [json.loads(line) for line in SOURCE.read_text().splitlines()]
        weights = {item["category"]: float(item["category"] in {"extraction", "agent_behavior"})
                   for item in examples}
        config = small_config(category_mix_weights=weights, gradient_accumulation_steps=5)
        _, examples_by_split = load_verified_dataset(manifest_path)
        rows = sft._encode_examples(examples_by_split["train"], config)
        assert [sum(label != -100 for label in labels[1:]) for _, labels in rows] == [46, 46]
        gradients = record_gradients(monkeypatch)
>       short = sft.run_sft(manifest_path, tmp_path / "short", config=config)
                ^^^^^^^^^^^^^^^^^^^^^^^^^^^^^^^^^^^^^^^^^^^^^^^^^^^^^^^^^^^^^

tests/test_sft_token_normalization.py:198: 
_ _ _ _ _ _ _ _ _ _ _ _ _ _ _ _ _ _ _ _ _ _ _ _ _ _ _ _ _ _ _ _ _ _ _ _ _ _ _ _ 

manifest_path = PosixPath('/tmp/pytest-of-root/pytest-443/sft-token-dataset0/manifest.json')
output_root = PosixPath('/tmp/pytest-of-root/pytest-443/test_short_window_is_not_scale0/short')
config = SFTConfig(mode='full', loss_normalization='supervised_token_mean_v2', seed=71, epochs=1, batch_size=1, learning_rate=0...device='cpu', model=TinyModelConfig(vocab_size=260, width=16, layers=1, heads=4, max_sequence_tokens=160, dropout=0.0))
base_checkpoint = None, resume_checkpoint = None

    def run_sft(
        manifest_path: Path,
        output_root: Path,
        *,
        config: SFTConfig,
        base_checkpoint: Path | None = None,
        resume_checkpoint: Path | None = None,
    ) -> TrainingSummary:
        if base_checkpoint is not None and resume_checkpoint is not None:
            raise ValueError("base and resume checkpoints are mutually exclusive")
        if config.mode != "full" and base_checkpoint is None and resume_checkpoint is None:
            raise ValueError("LoRA and QLoRA require a base checkpoint or resume checkpoint")
        if config.mode == "full" and base_checkpoint is not None:
            raise ValueError("full SFT does not accept a base checkpoint")
        manifest, examples_by_split = load_verified_dataset(manifest_path)
        if manifest.manifest_sha256 is None:
            raise ValueError("dataset manifest has no immutable hash")
        output_root = output_root.resolve()
        governor = ResourceGovernor(output_root / ".workload.lock")
        start = time.perf_counter()
        with governor:
            random.seed(config.seed)
            torch.manual_seed(config.seed)
            generator = torch.Generator().manual_seed(config.seed)
            device = _resolve_device(config.device)
            train_rows = _encode_examples(examples_by_split["train"], config)
            validation_rows = _encode_examples(examples_by_split["validation"], config)
            del examples_by_split
            base_sha: str | None = None
            resume_sha: str | None = None
            completed_epochs = 0
            optimizer_steps = 0
    
            if resume_checkpoint is not None:
                resumed, resume_sha = _read_checkpoint(resume_checkpoint)
                if resumed["dataset_manifest_sha256"] != manifest.manifest_sha256:
                    raise ValueError("resume checkpoint dataset hash does not match")
                resumed_config = _checkpoint_training_config(resumed)
                if resumed_config.mode != config.mode:
                    raise ValueError("resume checkpoint training mode does not match")
                if resumed_config.loss_normalization != config.loss_normalization:
                    raise ValueError("resume checkpoint loss normalization does not match")
                if resumed_config.model_dump(exclude={"epochs"}) != config.model_dump(
                    exclude={"epochs"}
                ):
                    raise ValueError("resume checkpoint configuration does not match")
                completed_epochs = _checkpoint_counter(resumed, "completed_epochs")
                optimizer_steps = _checkpoint_counter(resumed, "optimizer_steps")
                if completed_epochs > resumed_config.epochs:
                    raise ValueError("checkpoint completed_epochs exceeds its saved epoch schedule")
                batches_per_epoch = math.ceil(len(train_rows) / config.batch_size)
                steps_per_epoch = math.ceil(batches_per_epoch / config.gradient_accumulation_steps)
                if optimizer_steps != completed_epochs * steps_per_epoch:
                    raise ValueError("checkpoint optimizer_steps is inconsistent with its epoch schedule")
                if config.epochs <= completed_epochs:
                    raise ValueError("resume epochs must exceed the completed checkpoint epochs")
                base_sha = cast(str | None, resumed.get("base_checkpoint_sha256"))
                model = _model_from_payload(resumed, device)
            elif base_checkpoint is not None:
                base_payload, base_sha = _read_checkpoint(base_checkpoint)
                base_model = _model_from_payload(base_payload, device)
                model = TinyCausalLM(config.model).to(device)
                model.load_state_dict(base_model.state_dict())
                apply_adapters(model, config.mode, config.lora_rank, config.lora_alpha)
                model.to(device)
            else:
                model = TinyCausalLM(config.model).to(device)
    
            trainable = [parameter for parameter in model.parameters() if parameter.requires_grad]
            if not trainable:
                raise RuntimeError("training configuration has no trainable parameters")
            optimizer = torch.optim.AdamW(
                trainable, lr=config.learning_rate, weight_decay=config.weight_decay
            )
            if resume_checkpoint is not None:
                _require_finite(resumed["optimizer_state"], "checkpoint optimizer state")
                optimizer.load_state_dict(resumed["optimizer_state"])
                for parameter in trainable:
                    state = optimizer.state.get(parameter, {})
                    if optimizer_steps and (
                        not {"step", "exp_avg", "exp_avg_sq"} <= state.keys()
                        or float(state["step"]) != optimizer_steps
                    ):
                        raise ValueError("checkpoint optimizer state does not match its step counter")
                generator.set_state(resumed["generator_state"])
                _restore_rng_state(resumed, config, device)
    
            initial_validation = evaluate_loss(
                model, validation_rows, device=device, normalization=config.loss_normalization
            )
            mixed_effective = config.mixed_precision and device.type == "cuda"
            run_id = f"sft-{config.mode}-{manifest.manifest_sha256[:12]}-s{config.seed}"
            if config.loss_normalization == "supervised_token_mean_v2":
                run_id += "-tokens-v2"
            metadata: dict[str, Any] = {
                "dataset_manifest_sha256": manifest.manifest_sha256,
                "training_config": config.model_dump(mode="json"),
                "base_checkpoint_sha256": base_sha,
                "resume_checkpoint_sha256": resume_sha,
                "source_sha256": _sha256(Path(__file__)),
                "torch_version": str(torch.__version__),
                "device_type": device.type,
            }
            with _run_attempt(output_root, run_id, metadata) as attempt:
                run_id = attempt.name
                log_path = attempt / "metrics.jsonl"
                optimizer.zero_grad(set_to_none=True)
                with log_path.open("x", encoding="utf-8") as log:
                    for epoch in range(completed_epochs, config.epochs):
                        model.train()
                        epoch_losses: list[float] = []
                        epoch_tokens = 0
                        batches = list(_batches(train_rows, config.batch_size, generator))
                        token_counts = [_supervised_token_count(labels) for _, labels in batches]
                        window_tokens = 0
                        for batch_index, (tokens, labels) in enumerate(batches):
                            if batch_index % config.gradient_accumulation_steps == 0:
                                window_tokens = sum(token_counts[
                                    batch_index : batch_index + config.gradient_accumulation_steps
                                ])
                            autocast = (
                                torch.autocast(device_type="cuda", dtype=torch.bfloat16)
                                if mixed_effective
                                else nullcontext()
                            )
                            with autocast:
                                if config.loss_normalization == "supervised_token_mean_v2":
                                    loss = _loss(
                                        model, tokens.to(device), labels.to(device), reduction="sum"
                                    )
                                    # Normalize the entire optimizer window before clipping.
                                    # The final partial window uses its actual target count.
                                    scaled_loss = loss / window_tokens
                                else:
                                    loss = _loss(model, tokens.to(device), labels.to(device))
                                    scaled_loss = loss / config.gradient_accumulation_steps
                            _require_finite(loss, "training loss")
                            scaled_loss.backward()  # type: ignore[no-untyped-call]
                            loss_value = float(loss.detach().cpu().item())
                            epoch_losses.append(loss_value)
                            epoch_tokens += token_counts[batch_index]
                            should_step = (
                                (batch_index + 1) % config.gradient_accumulation_steps == 0
                                or batch_index + 1 == len(batches)
                            )
                            if should_step:
                                for parameter in trainable:
                                    _require_finite(parameter.grad, "training gradient")
>                               nn.utils.clip_grad_norm_(
                                    trainable, config.gradient_clip_norm, error_if_nonfinite=True
                                )
E                               TypeError: record_gradients.<locals>.capture_before_clipping() got an unexpected keyword argument 'error_if_nonfinite'

olympus/foundry/sft.py:743: TypeError
=========================== short test summary info ============================
FAILED tests/test_sft_token_normalization.py::test_actual_training_matches_unsplit_batch_gradients_including_short_tail[1-3]
FAILED tests/test_sft_token_normalization.py::test_actual_training_matches_unsplit_batch_gradients_including_short_tail[1-5]
FAILED tests/test_sft_token_normalization.py::test_actual_training_matches_unsplit_batch_gradients_including_short_tail[2-5]
FAILED tests/test_sft_token_normalization.py::test_short_window_is_not_scaled_down_even_when_answer_lengths_are_equal
4 failed, 98 passed in 14.55s
